{"date":"Thu Mar 27 2025 10:42:13 GMT+0500 (Uzbekistan Standard Time)","error":{},"exception":true,"level":"error","message":"uncaughtException: kutilmagan xato\nError: kutilmagan xato\n    at Object.<anonymous> (/home/mirlaziz/nodejs/1bosqich/index.js:37:7)\n    at Module._compile (node:internal/modules/cjs/loader:1376:14)\n    at Module._extensions..js (node:internal/modules/cjs/loader:1435:10)\n    at Module.load (node:internal/modules/cjs/loader:1207:32)\n    at Module._load (node:internal/modules/cjs/loader:1023:12)\n    at Function.executeUserEntryPoint [as runMain] (node:internal/modules/run_main:135:12)\n    at node:internal/main/run_main_module:28:49","os":{"loadavg":[2.27,2.93,3.2],"uptime":10057.74},"process":{"argv":["/home/mirlaziz/.nvm/versions/node/v20.10.0/bin/node","/home/mirlaziz/nodejs/1bosqich/index.js"],"cwd":"/home/mirlaziz/nodejs/1bosqich","execPath":"/home/mirlaziz/.nvm/versions/node/v20.10.0/bin/node","gid":1000,"memoryUsage":{"arrayBuffers":18262774,"external":20592874,"heapTotal":38543360,"heapUsed":26381224,"rss":89292800},"pid":17418,"uid":1000,"version":"v20.10.0"},"stack":"Error: kutilmagan xato\n    at Object.<anonymous> (/home/mirlaziz/nodejs/1bosqich/index.js:37:7)\n    at Module._compile (node:internal/modules/cjs/loader:1376:14)\n    at Module._extensions..js (node:internal/modules/cjs/loader:1435:10)\n    at Module.load (node:internal/modules/cjs/loader:1207:32)\n    at Module._load (node:internal/modules/cjs/loader:1023:12)\n    at Function.executeUserEntryPoint [as runMain] (node:internal/modules/run_main:135:12)\n    at node:internal/main/run_main_module:28:49","trace":[{"column":7,"file":"/home/mirlaziz/nodejs/1bosqich/index.js","function":null,"line":37,"method":null,"native":false},{"column":14,"file":"node:internal/modules/cjs/loader","function":"Module._compile","line":1376,"method":"_compile","native":false},{"column":10,"file":"node:internal/modules/cjs/loader","function":"Module._extensions..js","line":1435,"method":".js","native":false},{"column":32,"file":"node:internal/modules/cjs/loader","function":"Module.load","line":1207,"method":"load","native":false},{"column":12,"file":"node:internal/modules/cjs/loader","function":"Module._load","line":1023,"method":"_load","native":false},{"column":12,"file":"node:internal/modules/run_main","function":"Function.executeUserEntryPoint [as runMain]","line":135,"method":"executeUserEntryPoint [as runMain]","native":false},{"column":49,"file":"node:internal/main/run_main_module","function":null,"line":28,"method":null,"native":false}]}
{"date":"Thu Mar 27 2025 11:10:49 GMT+0500 (Uzbekistan Standard Time)","error":{},"exception":true,"level":"error","message":"uncaughtException: kutilmagan xato\nError: kutilmagan xato\n    at Object.<anonymous> (/home/mirlaziz/nodejs/1bosqich/index.js:37:7)\n    at Module._compile (node:internal/modules/cjs/loader:1376:14)\n    at Module._extensions..js (node:internal/modules/cjs/loader:1435:10)\n    at Module.load (node:internal/modules/cjs/loader:1207:32)\n    at Module._load (node:internal/modules/cjs/loader:1023:12)\n    at Function.executeUserEntryPoint [as runMain] (node:internal/modules/run_main:135:12)\n    at node:internal/main/run_main_module:28:49","os":{"loadavg":[1.4,1.33,1.72],"uptime":11773.6},"process":{"argv":["/home/mirlaziz/.nvm/versions/node/v20.10.0/bin/node","/home/mirlaziz/nodejs/1bosqich/index.js"],"cwd":"/home/mirlaziz/nodejs/1bosqich","execPath":"/home/mirlaziz/.nvm/versions/node/v20.10.0/bin/node","gid":1000,"memoryUsage":{"arrayBuffers":18262774,"external":20592874,"heapTotal":38543360,"heapUsed":26396096,"rss":89939968},"pid":17902,"uid":1000,"version":"v20.10.0"},"stack":"Error: kutilmagan xato\n    at Object.<anonymous> (/home/mirlaziz/nodejs/1bosqich/index.js:37:7)\n    at Module._compile (node:internal/modules/cjs/loader:1376:14)\n    at Module._extensions..js (node:internal/modules/cjs/loader:1435:10)\n    at Module.load (node:internal/modules/cjs/loader:1207:32)\n    at Module._load (node:internal/modules/cjs/loader:1023:12)\n    at Function.executeUserEntryPoint [as runMain] (node:internal/modules/run_main:135:12)\n    at node:internal/main/run_main_module:28:49","trace":[{"column":7,"file":"/home/mirlaziz/nodejs/1bosqich/index.js","function":null,"line":37,"method":null,"native":false},{"column":14,"file":"node:internal/modules/cjs/loader","function":"Module._compile","line":1376,"method":"_compile","native":false},{"column":10,"file":"node:internal/modules/cjs/loader","function":"Module._extensions..js","line":1435,"method":".js","native":false},{"column":32,"file":"node:internal/modules/cjs/loader","function":"Module.load","line":1207,"method":"load","native":false},{"column":12,"file":"node:internal/modules/cjs/loader","function":"Module._load","line":1023,"method":"_load","native":false},{"column":12,"file":"node:internal/modules/run_main","function":"Function.executeUserEntryPoint [as runMain]","line":135,"method":"executeUserEntryPoint [as runMain]","native":false},{"column":49,"file":"node:internal/main/run_main_module","function":null,"line":28,"method":null,"native":false}]}
{"kind":"ObjectId","level":"error","message":"Cast to ObjectId failed for value \"123\" (type string) at path \"_id\" for model \"Book\" Cast to ObjectId failed for value \"123\" (type string) at path \"_id\" for model \"Book\"","path":"_id","reason":{},"stack":"CastError: Cast to ObjectId failed for value \"123\" (type string) at path \"_id\" for model \"Book\"\n    at SchemaObjectId.Object.<anonymous>.SchemaObjectId.cast (/home/mirlaziz/nodejs/1bosqich/node_modules/mongoose/lib/schema/objectId.js:251:11)\n    at SchemaObjectId.Object.<anonymous>.SchemaType.applySetters (/home/mirlaziz/nodejs/1bosqich/node_modules/mongoose/lib/schemaType.js:1255:12)\n    at SchemaObjectId.Object.<anonymous>.SchemaType.castForQuery (/home/mirlaziz/nodejs/1bosqich/node_modules/mongoose/lib/schemaType.js:1673:17)\n    at cast (/home/mirlaziz/nodejs/1bosqich/node_modules/mongoose/lib/cast.js:390:32)\n    at model.Query.Object.<anonymous>.Query.cast (/home/mirlaziz/nodejs/1bosqich/node_modules/mongoose/lib/query.js:4907:12)\n    at model.Query.Object.<anonymous>.Query._castConditions (/home/mirlaziz/nodejs/1bosqich/node_modules/mongoose/lib/query.js:2325:10)\n    at model.Query._findOne (/home/mirlaziz/nodejs/1bosqich/node_modules/mongoose/lib/query.js:2648:8)\n    at model.Query.exec (/home/mirlaziz/nodejs/1bosqich/node_modules/mongoose/lib/query.js:4456:80)\n    at processTicksAndRejections (node:internal/process/task_queues:95:5)\n    at /home/mirlaziz/nodejs/1bosqich/route/books.js:20:18","stringValue":"\"123\"","value":"123","valueType":"string"}
{"level":"error","message":"mongoose is not defined mongoose is not defined","stack":"ReferenceError: mongoose is not defined\n    at /home/mirlaziz/nodejs/1bosqich/route/books.js:21:3\n    at newFn (/home/mirlaziz/nodejs/1bosqich/node_modules/express-async-errors/index.js:16:20)\n    at Layer.handle [as handle_request] (/home/mirlaziz/nodejs/1bosqich/node_modules/express/lib/router/layer.js:95:5)\n    at next (/home/mirlaziz/nodejs/1bosqich/node_modules/express/lib/router/route.js:149:13)\n    at Route.dispatch (/home/mirlaziz/nodejs/1bosqich/node_modules/express/lib/router/route.js:119:3)\n    at newFn (/home/mirlaziz/nodejs/1bosqich/node_modules/express-async-errors/index.js:16:20)\n    at Layer.handle [as handle_request] (/home/mirlaziz/nodejs/1bosqich/node_modules/express/lib/router/layer.js:95:5)\n    at /home/mirlaziz/nodejs/1bosqich/node_modules/express/lib/router/index.js:284:15\n    at param (/home/mirlaziz/nodejs/1bosqich/node_modules/express/lib/router/index.js:365:14)\n    at param (/home/mirlaziz/nodejs/1bosqich/node_modules/express/lib/router/index.js:376:14)\n    at Function.process_params (/home/mirlaziz/nodejs/1bosqich/node_modules/express/lib/router/index.js:421:3)\n    at next (/home/mirlaziz/nodejs/1bosqich/node_modules/express/lib/router/index.js:280:10)\n    at Function.handle (/home/mirlaziz/nodejs/1bosqich/node_modules/express/lib/router/index.js:175:3)\n    at router (/home/mirlaziz/nodejs/1bosqich/node_modules/express/lib/router/index.js:47:12)\n    at newFn (/home/mirlaziz/nodejs/1bosqich/node_modules/express-async-errors/index.js:16:20)\n    at Layer.handle [as handle_request] (/home/mirlaziz/nodejs/1bosqich/node_modules/express/lib/router/layer.js:95:5)\n    at trim_prefix (/home/mirlaziz/nodejs/1bosqich/node_modules/express/lib/router/index.js:328:13)\n    at /home/mirlaziz/nodejs/1bosqich/node_modules/express/lib/router/index.js:286:9\n    at Function.process_params (/home/mirlaziz/nodejs/1bosqich/node_modules/express/lib/router/index.js:346:12)\n    at next (/home/mirlaziz/nodejs/1bosqich/node_modules/express/lib/router/index.js:280:10)\n    at jsonParser (/home/mirlaziz/nodejs/1bosqich/node_modules/body-parser/lib/types/json.js:113:7)\n    at newFn (/home/mirlaziz/nodejs/1bosqich/node_modules/express-async-errors/index.js:16:20)\n    at Layer.handle [as handle_request] (/home/mirlaziz/nodejs/1bosqich/node_modules/express/lib/router/layer.js:95:5)\n    at trim_prefix (/home/mirlaziz/nodejs/1bosqich/node_modules/express/lib/router/index.js:328:13)\n    at /home/mirlaziz/nodejs/1bosqich/node_modules/express/lib/router/index.js:286:9\n    at Function.process_params (/home/mirlaziz/nodejs/1bosqich/node_modules/express/lib/router/index.js:346:12)\n    at next (/home/mirlaziz/nodejs/1bosqich/node_modules/express/lib/router/index.js:280:10)\n    at expressInit (/home/mirlaziz/nodejs/1bosqich/node_modules/express/lib/middleware/init.js:40:5)\n    at newFn (/home/mirlaziz/nodejs/1bosqich/node_modules/express-async-errors/index.js:16:20)\n    at Layer.handle [as handle_request] (/home/mirlaziz/nodejs/1bosqich/node_modules/express/lib/router/layer.js:95:5)\n    at trim_prefix (/home/mirlaziz/nodejs/1bosqich/node_modules/express/lib/router/index.js:328:13)\n    at /home/mirlaziz/nodejs/1bosqich/node_modules/express/lib/router/index.js:286:9\n    at Function.process_params (/home/mirlaziz/nodejs/1bosqich/node_modules/express/lib/router/index.js:346:12)\n    at next (/home/mirlaziz/nodejs/1bosqich/node_modules/express/lib/router/index.js:280:10)\n    at query (/home/mirlaziz/nodejs/1bosqich/node_modules/express/lib/middleware/query.js:45:5)\n    at newFn (/home/mirlaziz/nodejs/1bosqich/node_modules/express-async-errors/index.js:16:20)\n    at Layer.handle [as handle_request] (/home/mirlaziz/nodejs/1bosqich/node_modules/express/lib/router/layer.js:95:5)\n    at trim_prefix (/home/mirlaziz/nodejs/1bosqich/node_modules/express/lib/router/index.js:328:13)\n    at /home/mirlaziz/nodejs/1bosqich/node_modules/express/lib/router/index.js:286:9\n    at Function.process_params (/home/mirlaziz/nodejs/1bosqich/node_modules/express/lib/router/index.js:346:12)\n    at next (/home/mirlaziz/nodejs/1bosqich/node_modules/express/lib/router/index.js:280:10)\n    at Function.handle (/home/mirlaziz/nodejs/1bosqich/node_modules/express/lib/router/index.js:175:3)\n    at Function.handle (/home/mirlaziz/nodejs/1bosqich/node_modules/express/lib/application.js:181:10)\n    at Server.app (/home/mirlaziz/nodejs/1bosqich/node_modules/express/lib/express.js:39:9)\n    at Server.emit (node:events:514:28)\n    at parserOnIncoming (node:_http_server:1143:12)\n    at HTTPParser.parserOnHeadersComplete (node:_http_common:119:17)"}
{"level":"error","message":"mongoose is not defined mongoose is not defined","stack":"ReferenceError: mongoose is not defined\n    at /home/mirlaziz/nodejs/1bosqich/route/books.js:21:3\n    at newFn (/home/mirlaziz/nodejs/1bosqich/node_modules/express-async-errors/index.js:16:20)\n    at Layer.handle [as handle_request] (/home/mirlaziz/nodejs/1bosqich/node_modules/express/lib/router/layer.js:95:5)\n    at next (/home/mirlaziz/nodejs/1bosqich/node_modules/express/lib/router/route.js:149:13)\n    at Route.dispatch (/home/mirlaziz/nodejs/1bosqich/node_modules/express/lib/router/route.js:119:3)\n    at newFn (/home/mirlaziz/nodejs/1bosqich/node_modules/express-async-errors/index.js:16:20)\n    at Layer.handle [as handle_request] (/home/mirlaziz/nodejs/1bosqich/node_modules/express/lib/router/layer.js:95:5)\n    at /home/mirlaziz/nodejs/1bosqich/node_modules/express/lib/router/index.js:284:15\n    at param (/home/mirlaziz/nodejs/1bosqich/node_modules/express/lib/router/index.js:365:14)\n    at param (/home/mirlaziz/nodejs/1bosqich/node_modules/express/lib/router/index.js:376:14)\n    at Function.process_params (/home/mirlaziz/nodejs/1bosqich/node_modules/express/lib/router/index.js:421:3)\n    at next (/home/mirlaziz/nodejs/1bosqich/node_modules/express/lib/router/index.js:280:10)\n    at Function.handle (/home/mirlaziz/nodejs/1bosqich/node_modules/express/lib/router/index.js:175:3)\n    at router (/home/mirlaziz/nodejs/1bosqich/node_modules/express/lib/router/index.js:47:12)\n    at newFn (/home/mirlaziz/nodejs/1bosqich/node_modules/express-async-errors/index.js:16:20)\n    at Layer.handle [as handle_request] (/home/mirlaziz/nodejs/1bosqich/node_modules/express/lib/router/layer.js:95:5)\n    at trim_prefix (/home/mirlaziz/nodejs/1bosqich/node_modules/express/lib/router/index.js:328:13)\n    at /home/mirlaziz/nodejs/1bosqich/node_modules/express/lib/router/index.js:286:9\n    at Function.process_params (/home/mirlaziz/nodejs/1bosqich/node_modules/express/lib/router/index.js:346:12)\n    at next (/home/mirlaziz/nodejs/1bosqich/node_modules/express/lib/router/index.js:280:10)\n    at jsonParser (/home/mirlaziz/nodejs/1bosqich/node_modules/body-parser/lib/types/json.js:113:7)\n    at newFn (/home/mirlaziz/nodejs/1bosqich/node_modules/express-async-errors/index.js:16:20)\n    at Layer.handle [as handle_request] (/home/mirlaziz/nodejs/1bosqich/node_modules/express/lib/router/layer.js:95:5)\n    at trim_prefix (/home/mirlaziz/nodejs/1bosqich/node_modules/express/lib/router/index.js:328:13)\n    at /home/mirlaziz/nodejs/1bosqich/node_modules/express/lib/router/index.js:286:9\n    at Function.process_params (/home/mirlaziz/nodejs/1bosqich/node_modules/express/lib/router/index.js:346:12)\n    at next (/home/mirlaziz/nodejs/1bosqich/node_modules/express/lib/router/index.js:280:10)\n    at expressInit (/home/mirlaziz/nodejs/1bosqich/node_modules/express/lib/middleware/init.js:40:5)\n    at newFn (/home/mirlaziz/nodejs/1bosqich/node_modules/express-async-errors/index.js:16:20)\n    at Layer.handle [as handle_request] (/home/mirlaziz/nodejs/1bosqich/node_modules/express/lib/router/layer.js:95:5)\n    at trim_prefix (/home/mirlaziz/nodejs/1bosqich/node_modules/express/lib/router/index.js:328:13)\n    at /home/mirlaziz/nodejs/1bosqich/node_modules/express/lib/router/index.js:286:9\n    at Function.process_params (/home/mirlaziz/nodejs/1bosqich/node_modules/express/lib/router/index.js:346:12)\n    at next (/home/mirlaziz/nodejs/1bosqich/node_modules/express/lib/router/index.js:280:10)\n    at query (/home/mirlaziz/nodejs/1bosqich/node_modules/express/lib/middleware/query.js:45:5)\n    at newFn (/home/mirlaziz/nodejs/1bosqich/node_modules/express-async-errors/index.js:16:20)\n    at Layer.handle [as handle_request] (/home/mirlaziz/nodejs/1bosqich/node_modules/express/lib/router/layer.js:95:5)\n    at trim_prefix (/home/mirlaziz/nodejs/1bosqich/node_modules/express/lib/router/index.js:328:13)\n    at /home/mirlaziz/nodejs/1bosqich/node_modules/express/lib/router/index.js:286:9\n    at Function.process_params (/home/mirlaziz/nodejs/1bosqich/node_modules/express/lib/router/index.js:346:12)\n    at next (/home/mirlaziz/nodejs/1bosqich/node_modules/express/lib/router/index.js:280:10)\n    at Function.handle (/home/mirlaziz/nodejs/1bosqich/node_modules/express/lib/router/index.js:175:3)\n    at Function.handle (/home/mirlaziz/nodejs/1bosqich/node_modules/express/lib/application.js:181:10)\n    at Server.app (/home/mirlaziz/nodejs/1bosqich/node_modules/express/lib/express.js:39:9)\n    at Server.emit (node:events:514:28)\n    at parserOnIncoming (node:_http_server:1143:12)\n    at HTTPParser.parserOnHeadersComplete (node:_http_common:119:17)"}
{"code":"ERR_HTTP_HEADERS_SENT","level":"error","message":"Cannot set headers after they are sent to the client Cannot set headers after they are sent to the client","stack":"Error: Cannot set headers after they are sent to the client\n    at ServerResponse.setHeader (node:_http_outgoing:652:11)\n    at ServerResponse.header (/home/mirlaziz/nodejs/1bosqich/node_modules/express/lib/response.js:794:10)\n    at ServerResponse.send (/home/mirlaziz/nodejs/1bosqich/node_modules/express/lib/response.js:174:12)\n    at send (/home/mirlaziz/nodejs/1bosqich/middleware/auth.js:21:25)\n    at newFn (/home/mirlaziz/nodejs/1bosqich/node_modules/express-async-errors/index.js:16:20)\n    at Layer.handle [as handle_request] (/home/mirlaziz/nodejs/1bosqich/node_modules/express/lib/router/layer.js:95:5)\n    at next (/home/mirlaziz/nodejs/1bosqich/node_modules/express/lib/router/route.js:149:13)\n    at Route.dispatch (/home/mirlaziz/nodejs/1bosqich/node_modules/express/lib/router/route.js:119:3)\n    at newFn (/home/mirlaziz/nodejs/1bosqich/node_modules/express-async-errors/index.js:16:20)\n    at Layer.handle [as handle_request] (/home/mirlaziz/nodejs/1bosqich/node_modules/express/lib/router/layer.js:95:5)\n    at /home/mirlaziz/nodejs/1bosqich/node_modules/express/lib/router/index.js:284:15\n    at Function.process_params (/home/mirlaziz/nodejs/1bosqich/node_modules/express/lib/router/index.js:346:12)\n    at next (/home/mirlaziz/nodejs/1bosqich/node_modules/express/lib/router/index.js:280:10)\n    at Function.handle (/home/mirlaziz/nodejs/1bosqich/node_modules/express/lib/router/index.js:175:3)\n    at router (/home/mirlaziz/nodejs/1bosqich/node_modules/express/lib/router/index.js:47:12)\n    at newFn (/home/mirlaziz/nodejs/1bosqich/node_modules/express-async-errors/index.js:16:20)\n    at Layer.handle [as handle_request] (/home/mirlaziz/nodejs/1bosqich/node_modules/express/lib/router/layer.js:95:5)\n    at trim_prefix (/home/mirlaziz/nodejs/1bosqich/node_modules/express/lib/router/index.js:328:13)\n    at /home/mirlaziz/nodejs/1bosqich/node_modules/express/lib/router/index.js:286:9\n    at Function.process_params (/home/mirlaziz/nodejs/1bosqich/node_modules/express/lib/router/index.js:346:12)\n    at next (/home/mirlaziz/nodejs/1bosqich/node_modules/express/lib/router/index.js:280:10)\n    at /home/mirlaziz/nodejs/1bosqich/node_modules/body-parser/lib/read.js:137:5\n    at AsyncResource.runInAsyncScope (node:async_hooks:206:9)\n    at invokeCallback (/home/mirlaziz/nodejs/1bosqich/node_modules/raw-body/index.js:238:16)\n    at done (/home/mirlaziz/nodejs/1bosqich/node_modules/raw-body/index.js:227:7)\n    at IncomingMessage.onEnd (/home/mirlaziz/nodejs/1bosqich/node_modules/raw-body/index.js:287:7)\n    at IncomingMessage.emit (node:events:514:28)\n    at endReadableNT (node:internal/streams/readable:1589:12)\n    at processTicksAndRejections (node:internal/process/task_queues:82:21)"}
{"date":"Mon Mar 31 2025 23:21:45 GMT+0500 (Uzbekistan Standard Time)","error":{},"exception":true,"level":"error","message":"uncaughtException: hamlet is not a function\nTypeError: hamlet is not a function\n    at module.exports (/home/mirlaziz/nodejs/1bosqich/startap/prod.js:6:13)\n    at Object.<anonymous> (/home/mirlaziz/nodejs/1bosqich/index.js:8:26)\n    at Module._compile (node:internal/modules/cjs/loader:1376:14)\n    at Module._extensions..js (node:internal/modules/cjs/loader:1435:10)\n    at Module.load (node:internal/modules/cjs/loader:1207:32)\n    at Module._load (node:internal/modules/cjs/loader:1023:12)\n    at Function.executeUserEntryPoint [as runMain] (node:internal/modules/run_main:135:12)\n    at node:internal/main/run_main_module:28:49","os":{"loadavg":[4.09,2.62,2.32],"uptime":52979.62},"process":{"argv":["/home/mirlaziz/.nvm/versions/node/v20.10.0/bin/node","/home/mirlaziz/nodejs/1bosqich/index.js"],"cwd":"/home/mirlaziz/nodejs/1bosqich","execPath":"/home/mirlaziz/.nvm/versions/node/v20.10.0/bin/node","gid":1000,"memoryUsage":{"arrayBuffers":18262671,"external":20569653,"heapTotal":39067648,"heapUsed":26065264,"rss":89178112},"pid":18771,"uid":1000,"version":"v20.10.0"},"stack":"TypeError: hamlet is not a function\n    at module.exports (/home/mirlaziz/nodejs/1bosqich/startap/prod.js:6:13)\n    at Object.<anonymous> (/home/mirlaziz/nodejs/1bosqich/index.js:8:26)\n    at Module._compile (node:internal/modules/cjs/loader:1376:14)\n    at Module._extensions..js (node:internal/modules/cjs/loader:1435:10)\n    at Module.load (node:internal/modules/cjs/loader:1207:32)\n    at Module._load (node:internal/modules/cjs/loader:1023:12)\n    at Function.executeUserEntryPoint [as runMain] (node:internal/modules/run_main:135:12)\n    at node:internal/main/run_main_module:28:49","trace":[{"column":13,"file":"/home/mirlaziz/nodejs/1bosqich/startap/prod.js","function":"module.exports","line":6,"method":"exports","native":false},{"column":26,"file":"/home/mirlaziz/nodejs/1bosqich/index.js","function":null,"line":8,"method":null,"native":false},{"column":14,"file":"node:internal/modules/cjs/loader","function":"Module._compile","line":1376,"method":"_compile","native":false},{"column":10,"file":"node:internal/modules/cjs/loader","function":"Module._extensions..js","line":1435,"method":".js","native":false},{"column":32,"file":"node:internal/modules/cjs/loader","function":"Module.load","line":1207,"method":"load","native":false},{"column":12,"file":"node:internal/modules/cjs/loader","function":"Module._load","line":1023,"method":"_load","native":false},{"column":12,"file":"node:internal/modules/run_main","function":"Function.executeUserEntryPoint [as runMain]","line":135,"method":"executeUserEntryPoint [as runMain]","native":false},{"column":49,"file":"node:internal/main/run_main_module","function":null,"line":28,"method":null,"native":false}]}
{"date":"Mon Mar 31 2025 23:22:40 GMT+0500 (Uzbekistan Standard Time)","error":{},"exception":true,"level":"error","message":"uncaughtException: app.use() requires a middleware function\nTypeError: app.use() requires a middleware function\n    at Function.use (/home/mirlaziz/nodejs/1bosqich/node_modules/express/lib/application.js:217:11)\n    at module.exports (/home/mirlaziz/nodejs/1bosqich/startap/prod.js:6:9)\n    at Object.<anonymous> (/home/mirlaziz/nodejs/1bosqich/index.js:8:26)\n    at Module._compile (node:internal/modules/cjs/loader:1376:14)\n    at Module._extensions..js (node:internal/modules/cjs/loader:1435:10)\n    at Module.load (node:internal/modules/cjs/loader:1207:32)\n    at Module._load (node:internal/modules/cjs/loader:1023:12)\n    at Function.executeUserEntryPoint [as runMain] (node:internal/modules/run_main:135:12)\n    at node:internal/main/run_main_module:28:49","os":{"loadavg":[3.28,2.58,2.31],"uptime":53034.63},"process":{"argv":["/home/mirlaziz/.nvm/versions/node/v20.10.0/bin/node","/home/mirlaziz/nodejs/1bosqich/index.js"],"cwd":"/home/mirlaziz/nodejs/1bosqich","execPath":"/home/mirlaziz/.nvm/versions/node/v20.10.0/bin/node","gid":1000,"memoryUsage":{"arrayBuffers":18262671,"external":20569653,"heapTotal":38805504,"heapUsed":26080688,"rss":88862720},"pid":18894,"uid":1000,"version":"v20.10.0"},"stack":"TypeError: app.use() requires a middleware function\n    at Function.use (/home/mirlaziz/nodejs/1bosqich/node_modules/express/lib/application.js:217:11)\n    at module.exports (/home/mirlaziz/nodejs/1bosqich/startap/prod.js:6:9)\n    at Object.<anonymous> (/home/mirlaziz/nodejs/1bosqich/index.js:8:26)\n    at Module._compile (node:internal/modules/cjs/loader:1376:14)\n    at Module._extensions..js (node:internal/modules/cjs/loader:1435:10)\n    at Module.load (node:internal/modules/cjs/loader:1207:32)\n    at Module._load (node:internal/modules/cjs/loader:1023:12)\n    at Function.executeUserEntryPoint [as runMain] (node:internal/modules/run_main:135:12)\n    at node:internal/main/run_main_module:28:49","trace":[{"column":11,"file":"/home/mirlaziz/nodejs/1bosqich/node_modules/express/lib/application.js","function":"Function.use","line":217,"method":"use","native":false},{"column":9,"file":"/home/mirlaziz/nodejs/1bosqich/startap/prod.js","function":"module.exports","line":6,"method":"exports","native":false},{"column":26,"file":"/home/mirlaziz/nodejs/1bosqich/index.js","function":null,"line":8,"method":null,"native":false},{"column":14,"file":"node:internal/modules/cjs/loader","function":"Module._compile","line":1376,"method":"_compile","native":false},{"column":10,"file":"node:internal/modules/cjs/loader","function":"Module._extensions..js","line":1435,"method":".js","native":false},{"column":32,"file":"node:internal/modules/cjs/loader","function":"Module.load","line":1207,"method":"load","native":false},{"column":12,"file":"node:internal/modules/cjs/loader","function":"Module._load","line":1023,"method":"_load","native":false},{"column":12,"file":"node:internal/modules/run_main","function":"Function.executeUserEntryPoint [as runMain]","line":135,"method":"executeUserEntryPoint [as runMain]","native":false},{"column":49,"file":"node:internal/main/run_main_module","function":null,"line":28,"method":null,"native":false}]}
